// Vitest Snapshot v1, https://vitest.dev/guide/snapshot.html

exports[`Plot Settings component > snapshots > renders plot settings form correctly (timeseries plot) 1`] = `
<DocumentFragment>
  <div
    class="MuiGrid-root MuiGrid-container MuiGrid-spacing-xs-1 MuiGrid-direction-xs-column css-ffjoah-MuiGrid-root"
  >
    <div
      class="MuiGrid-root MuiGrid-item css-13i4rnv-MuiGrid-root"
    >
      <mock-plotsettingstextfield
        data-testid="mock-plotSettingsTextField"
      >
        label="Title"
value="Initial title"
onChange=undefined

      </mock-plotsettingstextfield>
    </div>
    <div
      class="MuiGrid-root MuiGrid-item css-13i4rnv-MuiGrid-root"
    >
      <mock-charttypebuttons
        data-testid="mock-chartTypeButtons"
      >
        plotType="scatter"
changePlotType=undefined
XAxis="timestamp"
changeXAxis=undefined

      </mock-charttypebuttons>
    </div>
    <div
      class="MuiGrid-root MuiGrid-item css-13i4rnv-MuiGrid-root"
    >
      <div
        class="MuiPaper-root MuiPaper-outlined MuiPaper-rounded css-9axob7-MuiPaper-root"
      >
        <p
          class="MuiTypography-root MuiTypography-body1 css-ahj2mt-MuiTypography-root"
        >
          X Axis Config
        </p>
        <mock-xaxistab
          data-testid="mock-xAxisTab"
        >
          allChannels=[
  {
    "systemName": "timestamp",
    "name": "Time",
    "type": "scalar",
    "path": "/system"
  },
  {
    "systemName": "shotnum",
    "name": "Shot Number",
    "type": "scalar",
    "path": "/system"
  },
  {
    "systemName": "activeArea",
    "name": "Active Area",
    "type": "scalar",
    "path": "/system"
  },
  {
    "systemName": "activeExperiment",
    "name": "Active Experiment",
    "type": "scalar",
    "path": "/system"
  },
  {
    "systemName": "CHANNEL_ABCDE",
    "name": "Channel_ABCDE",
    "path": "/Channels/1",
    "type": "scalar"
  },
  {
    "systemName": "CHANNEL_DEFGH",
    "name": "Channel_DEFGH",
    "path": "/Channels/2",
    "type": "scalar",
    "notation": "scientific",
    "precision": 2
  },
  {
    "systemName": "CHANNEL_GHIJK",
    "name": "Channel_GHIJK",
    "path": "/Channels/3",
    "type": "scalar"
  }
]
XAxisScale="time"
XAxis="timestamp"
changeXAxis=undefined
changeXAxisScale=undefined
initialXMinimum=undefined
initialXMaximum=undefined
changeXMinimum=undefined
changeXMaximum=undefined

        </mock-xaxistab>
      </div>
      <div
        class="MuiPaper-root MuiPaper-outlined MuiPaper-rounded css-ibczwg-MuiPaper-root"
      >
        <p
          class="MuiTypography-root MuiTypography-body1 css-ahj2mt-MuiTypography-root"
        >
          Y Axes Config
        </p>
        <mock-yaxistab
          data-testid="mock-yAxisTab"
        >
          selectedRecordTableChannels=[
  {
    "systemName": "timestamp",
    "name": "Time",
    "type": "scalar",
    "path": "/system"
  }
]
allChannels=[
  {
    "systemName": "timestamp",
    "name": "Time",
    "type": "scalar",
    "path": "/system"
  },
  {
    "systemName": "shotnum",
    "name": "Shot Number",
    "type": "scalar",
    "path": "/system"
  },
  {
    "systemName": "activeArea",
    "name": "Active Area",
    "type": "scalar",
    "path": "/system"
  },
  {
    "systemName": "activeExperiment",
    "name": "Active Experiment",
    "type": "scalar",
    "path": "/system"
  },
  {
    "systemName": "CHANNEL_ABCDE",
    "name": "Channel_ABCDE",
    "path": "/Channels/1",
    "type": "scalar"
  },
  {
    "systemName": "CHANNEL_DEFGH",
    "name": "Channel_DEFGH",
    "path": "/Channels/2",
    "type": "scalar",
    "notation": "scientific",
    "precision": 2
  },
  {
    "systemName": "CHANNEL_GHIJK",
    "name": "Channel_GHIJK",
    "path": "/Channels/3",
    "type": "scalar"
  }
]
selectedPlotChannels=[]
changeSelectedPlotChannels=undefined
initialLeftYAxisMinimum=undefined
initialLeftYAxisMaximum=undefined
changeLeftYAxisMinimum=undefined
changeLeftYAxisMaximum=undefined
initialRightYAxisMinimum=undefined
initialRightYAxisMaximum=undefined
changeRightYAxisMinimum=undefined
changeRightYAxisMaximum=undefined
leftYAxisScale="logarithmic"
changeLeftYAxisScale=undefined
rightYAxisScale="linear"
changeRightYAxisScale=undefined
leftYAxisLabel="left y axis label"
changeLeftYAxisLabel=undefined
rightYAxisLabel="right y axis label"
changeRightYAxisLabel=undefined
initialSelectedColours=[]
initialRemainingColours=[]
changeSelectedColours=undefined
changeRemainingColours=undefined

        </mock-yaxistab>
      </div>
    </div>
  </div>
</DocumentFragment>
`;

exports[`Plot Settings component > snapshots > renders plot settings form correctly (x-axis tab selected) 1`] = `
<DocumentFragment>
  <div
    class="MuiGrid-root MuiGrid-container MuiGrid-spacing-xs-1 MuiGrid-direction-xs-column css-ffjoah-MuiGrid-root"
  >
    <div
      class="MuiGrid-root MuiGrid-item css-13i4rnv-MuiGrid-root"
    >
      <mock-plotsettingstextfield
        data-testid="mock-plotSettingsTextField"
      >
        label="Title"
value="Initial title"
onChange=undefined

      </mock-plotsettingstextfield>
    </div>
    <div
      class="MuiGrid-root MuiGrid-item css-13i4rnv-MuiGrid-root"
    >
      <mock-charttypebuttons
        data-testid="mock-chartTypeButtons"
      >
        plotType="scatter"
changePlotType=undefined
XAxis="test x-axis"
changeXAxis=undefined

      </mock-charttypebuttons>
    </div>
    <div
      class="MuiGrid-root MuiGrid-item css-13i4rnv-MuiGrid-root"
    >
      <div
        class="MuiBox-root css-1gsv261"
      >
        <div
          class="MuiTabs-root css-1yb2e4d-MuiTabs-root"
        >
          <div
            class="MuiTabs-scroller MuiTabs-fixed css-jpln7h-MuiTabs-scroller"
            style="overflow: hidden; margin-bottom: 0px;"
          >
            <div
              aria-label="tabs"
              class="MuiTabs-flexContainer css-heg063-MuiTabs-flexContainer"
              role="tablist"
            >
              <button
                aria-controls="X-tabpanel"
                aria-selected="true"
                class="MuiButtonBase-root MuiTab-root MuiTab-textColorPrimary Mui-selected css-ejfd77-MuiButtonBase-root-MuiTab-root"
                id="X-tab"
                role="tab"
                tabindex="0"
                type="button"
              >
                X
                <span
                  class="MuiTouchRipple-root css-8je8zh-MuiTouchRipple-root"
                />
              </button>
              <button
                aria-controls="Y-tabpanel"
                aria-selected="false"
                class="MuiButtonBase-root MuiTab-root MuiTab-textColorPrimary css-ejfd77-MuiButtonBase-root-MuiTab-root"
                id="Y-tab"
                role="tab"
                tabindex="-1"
                type="button"
              >
                Y
                <span
                  class="MuiTouchRipple-root css-8je8zh-MuiTouchRipple-root"
                />
              </button>
            </div>
            <span
              class="MuiTabs-indicator css-1aquho2-MuiTabs-indicator"
              style="left: 0px; width: 0px;"
            />
          </div>
        </div>
      </div>
      <div
        aria-labelledby="X-tab"
        id="X-tabpanel"
        role="tabpanel"
      >
        <div
          class="MuiBox-root css-0"
        >
          <mock-xaxistab
            data-testid="mock-xAxisTab"
          >
            allChannels=[
  {
    "systemName": "timestamp",
    "name": "Time",
    "type": "scalar",
    "path": "/system"
  },
  {
    "systemName": "shotnum",
    "name": "Shot Number",
    "type": "scalar",
    "path": "/system"
  },
  {
    "systemName": "activeArea",
    "name": "Active Area",
    "type": "scalar",
    "path": "/system"
  },
  {
    "systemName": "activeExperiment",
    "name": "Active Experiment",
    "type": "scalar",
    "path": "/system"
  },
  {
    "systemName": "CHANNEL_ABCDE",
    "name": "Channel_ABCDE",
    "path": "/Channels/1",
    "type": "scalar"
  },
  {
    "systemName": "CHANNEL_DEFGH",
    "name": "Channel_DEFGH",
    "path": "/Channels/2",
    "type": "scalar",
    "notation": "scientific",
    "precision": 2
  },
  {
    "systemName": "CHANNEL_GHIJK",
    "name": "Channel_GHIJK",
    "path": "/Channels/3",
    "type": "scalar"
  }
]
XAxisScale="linear"
XAxis="test x-axis"
changeXAxis=undefined
changeXAxisScale=undefined
initialXMinimum=undefined
initialXMaximum=undefined
changeXMinimum=undefined
changeXMaximum=undefined

          </mock-xaxistab>
        </div>
      </div>
      <div
        aria-labelledby="Y-tab"
        hidden=""
        id="Y-tabpanel"
        role="tabpanel"
      />
    </div>
  </div>
</DocumentFragment>
`;

exports[`Plot Settings component > snapshots > renders plot settings form correctly (y-axis tab selected) 1`] = `
<DocumentFragment>
  <div
    class="MuiGrid-root MuiGrid-container MuiGrid-spacing-xs-1 MuiGrid-direction-xs-column css-ffjoah-MuiGrid-root"
  >
    <div
      class="MuiGrid-root MuiGrid-item css-13i4rnv-MuiGrid-root"
    >
      <mock-plotsettingstextfield
        data-testid="mock-plotSettingsTextField"
      >
        label="Title"
value="Initial title"
onChange=undefined

      </mock-plotsettingstextfield>
    </div>
    <div
      class="MuiGrid-root MuiGrid-item css-13i4rnv-MuiGrid-root"
    >
      <mock-charttypebuttons
        data-testid="mock-chartTypeButtons"
      >
        plotType="scatter"
changePlotType=undefined
XAxis="test x-axis"
changeXAxis=undefined

      </mock-charttypebuttons>
    </div>
    <div
      class="MuiGrid-root MuiGrid-item css-13i4rnv-MuiGrid-root"
    >
      <div
        class="MuiBox-root css-1gsv261"
      >
        <div
          class="MuiTabs-root css-1yb2e4d-MuiTabs-root"
        >
          <div
            class="MuiTabs-scroller MuiTabs-fixed css-jpln7h-MuiTabs-scroller"
            style="overflow: hidden; margin-bottom: 0px;"
          >
            <div
              aria-label="tabs"
              class="MuiTabs-flexContainer css-heg063-MuiTabs-flexContainer"
              role="tablist"
            >
              <button
                aria-controls="X-tabpanel"
                aria-selected="false"
                class="MuiButtonBase-root MuiTab-root MuiTab-textColorPrimary css-ejfd77-MuiButtonBase-root-MuiTab-root"
                id="X-tab"
                role="tab"
                tabindex="-1"
                type="button"
              >
                X
                <span
                  class="MuiTouchRipple-root css-8je8zh-MuiTouchRipple-root"
                />
              </button>
              <button
                aria-controls="Y-tabpanel"
                aria-selected="true"
                class="MuiButtonBase-root MuiTab-root MuiTab-textColorPrimary Mui-selected css-ejfd77-MuiButtonBase-root-MuiTab-root"
                id="Y-tab"
                role="tab"
                tabindex="0"
                type="button"
              >
                Y
                <span
                  class="MuiTouchRipple-root css-8je8zh-MuiTouchRipple-root"
                >
                  <span
                    class="css-y4cjyz-MuiTouchRipple-ripple MuiTouchRipple-ripple MuiTouchRipple-rippleVisible"
                    style="width: 2.8284271247461903px; height: 2.8284271247461903px; top: -1.4142135623730951px; left: -1.4142135623730951px;"
                  >
                    <span
                      class="MuiTouchRipple-child MuiTouchRipple-childLeaving"
                    />
                  </span>
                </span>
              </button>
            </div>
            <span
              class="MuiTabs-indicator css-1aquho2-MuiTabs-indicator"
              style="left: 0px; width: 0px;"
            />
          </div>
        </div>
      </div>
      <div
        aria-labelledby="X-tab"
        hidden=""
        id="X-tabpanel"
        role="tabpanel"
      />
      <div
        aria-labelledby="Y-tab"
        id="Y-tabpanel"
        role="tabpanel"
      >
        <div
          class="MuiBox-root css-0"
        >
          <mock-yaxistab
            data-testid="mock-yAxisTab"
          >
            selectedRecordTableChannels=[
  {
    "systemName": "timestamp",
    "name": "Time",
    "type": "scalar",
    "path": "/system"
  }
]
allChannels=[
  {
    "systemName": "timestamp",
    "name": "Time",
    "type": "scalar",
    "path": "/system"
  },
  {
    "systemName": "shotnum",
    "name": "Shot Number",
    "type": "scalar",
    "path": "/system"
  },
  {
    "systemName": "activeArea",
    "name": "Active Area",
    "type": "scalar",
    "path": "/system"
  },
  {
    "systemName": "activeExperiment",
    "name": "Active Experiment",
    "type": "scalar",
    "path": "/system"
  },
  {
    "systemName": "CHANNEL_ABCDE",
    "name": "Channel_ABCDE",
    "path": "/Channels/1",
    "type": "scalar"
  },
  {
    "systemName": "CHANNEL_DEFGH",
    "name": "Channel_DEFGH",
    "path": "/Channels/2",
    "type": "scalar",
    "notation": "scientific",
    "precision": 2
  },
  {
    "systemName": "CHANNEL_GHIJK",
    "name": "Channel_GHIJK",
    "path": "/Channels/3",
    "type": "scalar"
  }
]
selectedPlotChannels=[]
changeSelectedPlotChannels=undefined
initialLeftYAxisMinimum=undefined
initialLeftYAxisMaximum=undefined
changeLeftYAxisMinimum=undefined
changeLeftYAxisMaximum=undefined
initialRightYAxisMinimum=undefined
initialRightYAxisMaximum=undefined
changeRightYAxisMinimum=undefined
changeRightYAxisMaximum=undefined
leftYAxisScale="logarithmic"
changeLeftYAxisScale=undefined
rightYAxisScale="linear"
changeRightYAxisScale=undefined
leftYAxisLabel="left y axis label"
changeLeftYAxisLabel=undefined
rightYAxisLabel="right y axis label"
changeRightYAxisLabel=undefined
initialSelectedColours=[]
initialRemainingColours=[]
changeSelectedColours=undefined
changeRemainingColours=undefined

          </mock-yaxistab>
        </div>
      </div>
    </div>
  </div>
</DocumentFragment>
`;
