// Jest Snapshot v1, https://goo.gl/fbAQLP

exports[`Data Cell renders correctly 1`] = `
<DocumentFragment>
  <table>
    <tbody>
      <tr>
        <td
          class="MuiTableCell-root MuiTableCell-body MuiTableCell-sizeSmall css-dsuxgy-MuiTableCell-root"
        >
          <div
            class="MuiGrid-root MuiGrid-container css-11lq3yg-MuiGrid-root"
          >
            <div
              class="MuiGrid-root MuiGrid-item MuiGrid-grid-xs-true css-100wy9x-MuiGrid-root"
            >
              <p
                class="MuiTypography-root MuiTypography-body2 MuiTypography-noWrap css-z1doim-MuiTypography-root"
              >
                test data
              </p>
            </div>
            <hr
              class="MuiDivider-root MuiDivider-fullWidth MuiDivider-vertical MuiDivider-flexItem css-1tk1bks-MuiDivider-root"
            />
          </div>
        </td>
      </tr>
    </tbody>
  </table>
</DocumentFragment>
`;
