// Jest Snapshot v1, https://goo.gl/fbAQLP

exports[`Record Table renders correctly 1`] = `
<DocumentFragment>
  <div>
    <div
      style="display: flex; flex-direction: row; width: 500px;"
    >
      <div
        class="MuiBox-root css-gpr0gn"
      >
        <form
          style="display: inline-grid; padding: 3px;"
        >
          <p
            class="MuiTypography-root MuiTypography-body1 css-ahj2mt-MuiTypography-root"
          >
            From date/time
          </p>
          <div
            class="MuiFormControl-root MuiTextField-root css-1u3bzj6-MuiFormControl-root-MuiTextField-root"
          >
            <div
              class="MuiInput-root MuiInput-underline MuiInputBase-root MuiInputBase-colorPrimary MuiInputBase-formControl MuiInputBase-adornedEnd css-1ptx2yq-MuiInputBase-root-MuiInput-root"
            >
              <input
                aria-invalid="false"
                aria-label="from, date-time input"
                class="MuiInput-input MuiInputBase-input MuiInputBase-inputAdornedEnd css-1x51dt5-MuiInputBase-input-MuiInput-input"
                id="from date-time"
                placeholder="From..."
                type="tel"
                value=""
              />
              <div
                class="MuiInputAdornment-root MuiInputAdornment-positionEnd MuiInputAdornment-standard MuiInputAdornment-sizeMedium css-1laqsz7-MuiInputAdornment-root"
              >
                <button
                  aria-label="from, date-time picker"
                  class="MuiButtonBase-root MuiIconButton-root MuiIconButton-edgeEnd MuiIconButton-sizeSmall css-1bkxqye-MuiButtonBase-root-MuiIconButton-root"
                  tabindex="0"
                  type="button"
                >
                  <svg
                    aria-hidden="true"
                    class="MuiSvgIcon-root MuiSvgIcon-fontSizeMedium css-i4bv87-MuiSvgIcon-root"
                    data-testid="CalendarIcon"
                    focusable="false"
                    viewBox="0 0 24 24"
                  >
                    <path
                      d="M17 12h-5v5h5v-5zM16 1v2H8V1H6v2H5c-1.11 0-1.99.9-1.99 2L3 19c0 1.1.89 2 2 2h14c1.1 0 2-.9 2-2V5c0-1.1-.9-2-2-2h-1V1h-2zm3 18H5V8h14v11z"
                    />
                  </svg>
                  <span
                    class="MuiTouchRipple-root css-8je8zh-MuiTouchRipple-root"
                  />
                </button>
              </div>
            </div>
          </div>
        </form>
        <hr
          class="MuiDivider-root MuiDivider-fullWidth MuiDivider-vertical MuiDivider-flexItem css-14g9otx-MuiDivider-root"
        />
        <form
          style="display: inline-grid; padding: 3px;"
        >
          <p
            class="MuiTypography-root MuiTypography-body1 css-ahj2mt-MuiTypography-root"
          >
            To date/time
          </p>
          <div
            class="MuiFormControl-root MuiTextField-root css-1u3bzj6-MuiFormControl-root-MuiTextField-root"
          >
            <div
              class="MuiInput-root MuiInput-underline MuiInputBase-root MuiInputBase-colorPrimary MuiInputBase-formControl MuiInputBase-adornedEnd css-1ptx2yq-MuiInputBase-root-MuiInput-root"
            >
              <input
                aria-invalid="false"
                aria-label="to, date-time input"
                class="MuiInput-input MuiInputBase-input MuiInputBase-inputAdornedEnd css-1x51dt5-MuiInputBase-input-MuiInput-input"
                id="to date-time"
                placeholder="To..."
                type="tel"
                value=""
              />
              <div
                class="MuiInputAdornment-root MuiInputAdornment-positionEnd MuiInputAdornment-standard MuiInputAdornment-sizeMedium css-1laqsz7-MuiInputAdornment-root"
              >
                <button
                  aria-label="to, date-time picker"
                  class="MuiButtonBase-root MuiIconButton-root MuiIconButton-edgeEnd MuiIconButton-sizeSmall css-1bkxqye-MuiButtonBase-root-MuiIconButton-root"
                  tabindex="0"
                  type="button"
                >
                  <svg
                    aria-hidden="true"
                    class="MuiSvgIcon-root MuiSvgIcon-fontSizeMedium css-i4bv87-MuiSvgIcon-root"
                    data-testid="CalendarIcon"
                    focusable="false"
                    viewBox="0 0 24 24"
                  >
                    <path
                      d="M17 12h-5v5h5v-5zM16 1v2H8V1H6v2H5c-1.11 0-1.99.9-1.99 2L3 19c0 1.1.89 2 2 2h14c1.1 0 2-.9 2-2V5c0-1.1-.9-2-2-2h-1V1h-2zm3 18H5V8h14v11z"
                    />
                  </svg>
                  <span
                    class="MuiTouchRipple-root css-8je8zh-MuiTouchRipple-root"
                  />
                </button>
              </div>
            </div>
          </div>
        </form>
      </div>
      <div
        style="margin-left: 15px; margin-right: 15px;"
      />
    </div>
    <br />
    <div>
      <div>
        <div>
          <div
            class="MuiPaper-root MuiPaper-elevation MuiPaper-rounded MuiPaper-elevation1 MuiTableContainer-root css-kts5it-MuiPaper-root-MuiTableContainer-root"
            role="table-container"
          >
            <table
              class="MuiTable-root css-rqglhn-MuiTable-root"
              role="table"
              style="min-width: 30px;"
            >
              <thead
                class="MuiTableHead-root css-1rfd79b-MuiTableHead-root"
              >
                <tr
                  class="MuiTableRow-root MuiTableRow-head css-1b7t4vc-MuiTableRow-root"
                  data-rbd-droppable-context-id="0"
                  data-rbd-droppable-id="columns"
                  role="row"
                  style="display: flex; flex: 1 0 auto; min-width: 30px;"
                >
                  <th
                    class="MuiTableCell-root MuiTableCell-head MuiTableCell-sizeSmall css-1lktqnh-MuiTableCell-root"
                    role="columnheader"
                    scope="col"
                  >
                    <div
                      style="overflow: hidden; flex: 1;"
                    >
                      <div
                        aria-label="id header"
                        class="MuiBox-root css-k008qs"
                      >
                        <div
                          class="MuiBox-root css-0"
                        >
                          <span
                            class="MuiButtonBase-root MuiTableSortLabel-root css-1qgma8u-MuiButtonBase-root-MuiTableSortLabel-root"
                            data-testid="sort id"
                            role="button"
                            tabindex="0"
                          >
                            <p
                              class="MuiTypography-root MuiTypography-body1 MuiTypography-noWrap css-xw0cpc-MuiTypography-root"
                            >
                              id
                            </p>
                            <svg
                              aria-hidden="true"
                              class="MuiSvgIcon-root MuiSvgIcon-fontSizeMedium MuiTableSortLabel-icon MuiTableSortLabel-iconDirectionAsc css-1vweko9-MuiSvgIcon-root-MuiTableSortLabel-icon"
                              data-testid="ArrowDownwardIcon"
                              focusable="false"
                              viewBox="0 0 24 24"
                            >
                              <path
                                d="M20 12l-1.41-1.41L13 16.17V4h-2v12.17l-5.58-5.59L4 12l8 8 8-8z"
                              />
                            </svg>
                          </span>
                        </div>
                      </div>
                    </div>
                    <div
                      style="display: flex; flex-direction: row; width: 5px; justify-content: space-between;"
                    >
                      <div
                        aria-label="close id"
                      >
                        <svg
                          aria-hidden="true"
                          class="MuiSvgIcon-root MuiSvgIcon-fontSizeMedium css-1suwmrn-MuiSvgIcon-root"
                          data-testid="CloseIcon"
                          focusable="false"
                          viewBox="0 0 24 24"
                        >
                          <path
                            d="M19 6.41 17.59 5 12 10.59 6.41 5 5 6.41 10.59 12 5 17.59 6.41 19 12 13.41 17.59 19 19 17.59 13.41 12z"
                          />
                        </svg>
                      </div>
                      <div
                        draggable="false"
                        role="separator"
                        style="cursor: col-resize;"
                      >
                        <hr
                          class="MuiDivider-root MuiDivider-fullWidth MuiDivider-vertical MuiDivider-flexItem css-ck7sc0-MuiDivider-root"
                        />
                      </div>
                    </div>
                  </th>
                </tr>
              </thead>
              <tbody
                class="MuiTableBody-root css-apqrd9-MuiTableBody-root"
                role="rowgroup"
              >
                <tr
                  class="MuiTableRow-root css-1q1u3t4-MuiTableRow-root"
                  role="row"
                  style="display: flex; flex: 1 0 auto; min-width: 30px;"
                >
                  <td
                    class="MuiTableCell-root MuiTableCell-body MuiTableCell-sizeSmall css-1mh4eth-MuiTableCell-root"
                  >
                    <div
                      class="MuiGrid-root MuiGrid-container css-11lq3yg-MuiGrid-root"
                    >
                      <div
                        class="MuiGrid-root MuiGrid-item MuiGrid-grid-xs-true css-100wy9x-MuiGrid-root"
                      >
                        <p
                          class="MuiTypography-root MuiTypography-body2 MuiTypography-noWrap css-z1doim-MuiTypography-root"
                        >
                          1
                        </p>
                      </div>
                      <hr
                        class="MuiDivider-root MuiDivider-fullWidth MuiDivider-vertical MuiDivider-flexItem css-1tk1bks-MuiDivider-root"
                      />
                    </div>
                  </td>
                </tr>
                <tr
                  class="MuiTableRow-root css-1q1u3t4-MuiTableRow-root"
                  role="row"
                  style="display: flex; flex: 1 0 auto; min-width: 30px;"
                >
                  <td
                    class="MuiTableCell-root MuiTableCell-body MuiTableCell-sizeSmall css-1mh4eth-MuiTableCell-root"
                  >
                    <div
                      class="MuiGrid-root MuiGrid-container css-11lq3yg-MuiGrid-root"
                    >
                      <div
                        class="MuiGrid-root MuiGrid-item MuiGrid-grid-xs-true css-100wy9x-MuiGrid-root"
                      >
                        <p
                          class="MuiTypography-root MuiTypography-body2 MuiTypography-noWrap css-z1doim-MuiTypography-root"
                        >
                          2
                        </p>
                      </div>
                      <hr
                        class="MuiDivider-root MuiDivider-fullWidth MuiDivider-vertical MuiDivider-flexItem css-1tk1bks-MuiDivider-root"
                      />
                    </div>
                  </td>
                </tr>
                <tr
                  class="MuiTableRow-root css-1q1u3t4-MuiTableRow-root"
                  role="row"
                  style="display: flex; flex: 1 0 auto; min-width: 30px;"
                >
                  <td
                    class="MuiTableCell-root MuiTableCell-body MuiTableCell-sizeSmall css-1mh4eth-MuiTableCell-root"
                  >
                    <div
                      class="MuiGrid-root MuiGrid-container css-11lq3yg-MuiGrid-root"
                    >
                      <div
                        class="MuiGrid-root MuiGrid-item MuiGrid-grid-xs-true css-100wy9x-MuiGrid-root"
                      >
                        <p
                          class="MuiTypography-root MuiTypography-body2 MuiTypography-noWrap css-z1doim-MuiTypography-root"
                        >
                          3
                        </p>
                      </div>
                      <hr
                        class="MuiDivider-root MuiDivider-fullWidth MuiDivider-vertical MuiDivider-flexItem css-1tk1bks-MuiDivider-root"
                      />
                    </div>
                  </td>
                </tr>
              </tbody>
            </table>
          </div>
        </div>
        <div
          class="MuiTablePagination-root css-jtlhu6-MuiTablePagination-root"
        >
          <div
            class="MuiToolbar-root MuiToolbar-gutters MuiToolbar-regular MuiTablePagination-toolbar css-11bfvty-MuiToolbar-root-MuiTablePagination-toolbar"
          >
            <div
              class="MuiTablePagination-spacer css-1psng7p-MuiTablePagination-spacer"
            />
            <p
              class="MuiTablePagination-selectLabel css-pdct74-MuiTablePagination-selectLabel"
              id=":r3:"
            >
              Rows per page:
            </p>
            <div
              class="MuiInputBase-root MuiInputBase-colorPrimary css-16c50h-MuiInputBase-root-MuiTablePagination-select"
              variant="standard"
            >
              <div
                aria-expanded="false"
                aria-haspopup="listbox"
                aria-labelledby=":r3: :r2:"
                class="MuiTablePagination-select MuiSelect-select MuiSelect-standard MuiInputBase-input css-194a1fa-MuiSelect-select-MuiInputBase-input"
                id=":r2:"
                role="button"
                tabindex="0"
              >
                25
              </div>
              <input
                aria-hidden="true"
                class="MuiSelect-nativeInput css-yf8vq0-MuiSelect-nativeInput"
                tabindex="-1"
                value="25"
              />
              <svg
                aria-hidden="true"
                class="MuiSvgIcon-root MuiSvgIcon-fontSizeMedium MuiTablePagination-selectIcon MuiSelect-icon MuiSelect-iconStandard css-pqjvzy-MuiSvgIcon-root-MuiSelect-icon"
                data-testid="ArrowDropDownIcon"
                focusable="false"
                viewBox="0 0 24 24"
              >
                <path
                  d="M7 10l5 5 5-5z"
                />
              </svg>
            </div>
            <p
              class="MuiTablePagination-displayedRows css-levciy-MuiTablePagination-displayedRows"
            >
              1–3 of 3
            </p>
            <div
              class="MuiTablePagination-actions"
            >
              <button
                aria-label="Go to previous page"
                class="MuiButtonBase-root Mui-disabled MuiIconButton-root Mui-disabled MuiIconButton-colorInherit MuiIconButton-sizeMedium css-zylse7-MuiButtonBase-root-MuiIconButton-root"
                disabled=""
                tabindex="-1"
                title="Go to previous page"
                type="button"
              >
                <svg
                  aria-hidden="true"
                  class="MuiSvgIcon-root MuiSvgIcon-fontSizeMedium css-i4bv87-MuiSvgIcon-root"
                  data-testid="KeyboardArrowLeftIcon"
                  focusable="false"
                  viewBox="0 0 24 24"
                >
                  <path
                    d="M15.41 16.09l-4.58-4.59 4.58-4.59L14 5.5l-6 6 6 6z"
                  />
                </svg>
              </button>
              <button
                aria-label="Go to next page"
                class="MuiButtonBase-root Mui-disabled MuiIconButton-root Mui-disabled MuiIconButton-colorInherit MuiIconButton-sizeMedium css-zylse7-MuiButtonBase-root-MuiIconButton-root"
                disabled=""
                tabindex="-1"
                title="Go to next page"
                type="button"
              >
                <svg
                  aria-hidden="true"
                  class="MuiSvgIcon-root MuiSvgIcon-fontSizeMedium css-i4bv87-MuiSvgIcon-root"
                  data-testid="KeyboardArrowRightIcon"
                  focusable="false"
                  viewBox="0 0 24 24"
                >
                  <path
                    d="M8.59 16.34l4.58-4.59-4.58-4.59L10 5.75l6 6-6 6z"
                  />
                </svg>
              </button>
            </div>
          </div>
        </div>
        <div
          style="overflow: auto; height: 150px;"
        >
          <div>
            <label
              for="shotNum"
            >
              shotNum
            </label>
            <span
              class="MuiCheckbox-root MuiCheckbox-colorPrimary MuiButtonBase-root MuiCheckbox-root MuiCheckbox-colorPrimary PrivateSwitchBase-root css-12wnr2w-MuiButtonBase-root-MuiCheckbox-root"
            >
              <input
                aria-label="shotNum checkbox"
                class="PrivateSwitchBase-input css-1m9pwf3"
                data-indeterminate="false"
                id="shotNum"
                type="checkbox"
                value="shotNum"
              />
              <svg
                aria-hidden="true"
                class="MuiSvgIcon-root MuiSvgIcon-fontSizeMedium css-i4bv87-MuiSvgIcon-root"
                data-testid="CheckBoxOutlineBlankIcon"
                focusable="false"
                viewBox="0 0 24 24"
              >
                <path
                  d="M19 5v14H5V5h14m0-2H5c-1.1 0-2 .9-2 2v14c0 1.1.9 2 2 2h14c1.1 0 2-.9 2-2V5c0-1.1-.9-2-2-2z"
                />
              </svg>
              <span
                class="MuiTouchRipple-root css-8je8zh-MuiTouchRipple-root"
              />
            </span>
          </div>
          <div>
            <label
              for="timestamp"
            >
              timestamp
            </label>
            <span
              class="MuiCheckbox-root MuiCheckbox-colorPrimary MuiButtonBase-root MuiCheckbox-root MuiCheckbox-colorPrimary PrivateSwitchBase-root css-12wnr2w-MuiButtonBase-root-MuiCheckbox-root"
            >
              <input
                aria-label="timestamp checkbox"
                class="PrivateSwitchBase-input css-1m9pwf3"
                data-indeterminate="false"
                id="timestamp"
                type="checkbox"
                value="timestamp"
              />
              <svg
                aria-hidden="true"
                class="MuiSvgIcon-root MuiSvgIcon-fontSizeMedium css-i4bv87-MuiSvgIcon-root"
                data-testid="CheckBoxOutlineBlankIcon"
                focusable="false"
                viewBox="0 0 24 24"
              >
                <path
                  d="M19 5v14H5V5h14m0-2H5c-1.1 0-2 .9-2 2v14c0 1.1.9 2 2 2h14c1.1 0 2-.9 2-2V5c0-1.1-.9-2-2-2z"
                />
              </svg>
              <span
                class="MuiTouchRipple-root css-8je8zh-MuiTouchRipple-root"
              />
            </span>
          </div>
          <div>
            <label
              for="test1"
            >
              test1
            </label>
            <span
              class="MuiCheckbox-root MuiCheckbox-colorPrimary MuiButtonBase-root MuiCheckbox-root MuiCheckbox-colorPrimary PrivateSwitchBase-root css-12wnr2w-MuiButtonBase-root-MuiCheckbox-root"
            >
              <input
                aria-label="test1 checkbox"
                class="PrivateSwitchBase-input css-1m9pwf3"
                data-indeterminate="false"
                id="test1"
                type="checkbox"
                value="test1"
              />
              <svg
                aria-hidden="true"
                class="MuiSvgIcon-root MuiSvgIcon-fontSizeMedium css-i4bv87-MuiSvgIcon-root"
                data-testid="CheckBoxOutlineBlankIcon"
                focusable="false"
                viewBox="0 0 24 24"
              >
                <path
                  d="M19 5v14H5V5h14m0-2H5c-1.1 0-2 .9-2 2v14c0 1.1.9 2 2 2h14c1.1 0 2-.9 2-2V5c0-1.1-.9-2-2-2z"
                />
              </svg>
              <span
                class="MuiTouchRipple-root css-8je8zh-MuiTouchRipple-root"
              />
            </span>
          </div>
          <div>
            <label
              for="test2"
            >
              test2
            </label>
            <span
              class="MuiCheckbox-root MuiCheckbox-colorPrimary MuiButtonBase-root MuiCheckbox-root MuiCheckbox-colorPrimary PrivateSwitchBase-root css-12wnr2w-MuiButtonBase-root-MuiCheckbox-root"
            >
              <input
                aria-label="test2 checkbox"
                class="PrivateSwitchBase-input css-1m9pwf3"
                data-indeterminate="false"
                id="test2"
                type="checkbox"
                value="test2"
              />
              <svg
                aria-hidden="true"
                class="MuiSvgIcon-root MuiSvgIcon-fontSizeMedium css-i4bv87-MuiSvgIcon-root"
                data-testid="CheckBoxOutlineBlankIcon"
                focusable="false"
                viewBox="0 0 24 24"
              >
                <path
                  d="M19 5v14H5V5h14m0-2H5c-1.1 0-2 .9-2 2v14c0 1.1.9 2 2 2h14c1.1 0 2-.9 2-2V5c0-1.1-.9-2-2-2z"
                />
              </svg>
              <span
                class="MuiTouchRipple-root css-8je8zh-MuiTouchRipple-root"
              />
            </span>
          </div>
          <div>
            <label
              for="test3"
            >
              test3
            </label>
            <span
              class="MuiCheckbox-root MuiCheckbox-colorPrimary MuiButtonBase-root MuiCheckbox-root MuiCheckbox-colorPrimary PrivateSwitchBase-root css-12wnr2w-MuiButtonBase-root-MuiCheckbox-root"
            >
              <input
                aria-label="test3 checkbox"
                class="PrivateSwitchBase-input css-1m9pwf3"
                data-indeterminate="false"
                id="test3"
                type="checkbox"
                value="test3"
              />
              <svg
                aria-hidden="true"
                class="MuiSvgIcon-root MuiSvgIcon-fontSizeMedium css-i4bv87-MuiSvgIcon-root"
                data-testid="CheckBoxOutlineBlankIcon"
                focusable="false"
                viewBox="0 0 24 24"
              >
                <path
                  d="M19 5v14H5V5h14m0-2H5c-1.1 0-2 .9-2 2v14c0 1.1.9 2 2 2h14c1.1 0 2-.9 2-2V5c0-1.1-.9-2-2-2z"
                />
              </svg>
              <span
                class="MuiTouchRipple-root css-8je8zh-MuiTouchRipple-root"
              />
            </span>
          </div>
        </div>
      </div>
    </div>
  </div>
</DocumentFragment>
`;

exports[`Record Table renders correctly while data count is zero 1`] = `
<DocumentFragment>
  <div>
    <div
      style="display: flex; flex-direction: row; width: 500px;"
    >
      <div
        class="MuiBox-root css-gpr0gn"
      >
        <form
          style="display: inline-grid; padding: 3px;"
        >
          <p
            class="MuiTypography-root MuiTypography-body1 css-ahj2mt-MuiTypography-root"
          >
            From date/time
          </p>
          <div
            class="MuiFormControl-root MuiTextField-root css-1u3bzj6-MuiFormControl-root-MuiTextField-root"
          >
            <div
              class="MuiInput-root MuiInput-underline MuiInputBase-root MuiInputBase-colorPrimary MuiInputBase-formControl MuiInputBase-adornedEnd css-1ptx2yq-MuiInputBase-root-MuiInput-root"
            >
              <input
                aria-invalid="false"
                aria-label="from, date-time input"
                class="MuiInput-input MuiInputBase-input MuiInputBase-inputAdornedEnd css-1x51dt5-MuiInputBase-input-MuiInput-input"
                id="from date-time"
                placeholder="From..."
                type="tel"
                value=""
              />
              <div
                class="MuiInputAdornment-root MuiInputAdornment-positionEnd MuiInputAdornment-standard MuiInputAdornment-sizeMedium css-1laqsz7-MuiInputAdornment-root"
              >
                <button
                  aria-label="from, date-time picker"
                  class="MuiButtonBase-root MuiIconButton-root MuiIconButton-edgeEnd MuiIconButton-sizeSmall css-1bkxqye-MuiButtonBase-root-MuiIconButton-root"
                  tabindex="0"
                  type="button"
                >
                  <svg
                    aria-hidden="true"
                    class="MuiSvgIcon-root MuiSvgIcon-fontSizeMedium css-i4bv87-MuiSvgIcon-root"
                    data-testid="CalendarIcon"
                    focusable="false"
                    viewBox="0 0 24 24"
                  >
                    <path
                      d="M17 12h-5v5h5v-5zM16 1v2H8V1H6v2H5c-1.11 0-1.99.9-1.99 2L3 19c0 1.1.89 2 2 2h14c1.1 0 2-.9 2-2V5c0-1.1-.9-2-2-2h-1V1h-2zm3 18H5V8h14v11z"
                    />
                  </svg>
                  <span
                    class="MuiTouchRipple-root css-8je8zh-MuiTouchRipple-root"
                  />
                </button>
              </div>
            </div>
          </div>
        </form>
        <hr
          class="MuiDivider-root MuiDivider-fullWidth MuiDivider-vertical MuiDivider-flexItem css-14g9otx-MuiDivider-root"
        />
        <form
          style="display: inline-grid; padding: 3px;"
        >
          <p
            class="MuiTypography-root MuiTypography-body1 css-ahj2mt-MuiTypography-root"
          >
            To date/time
          </p>
          <div
            class="MuiFormControl-root MuiTextField-root css-1u3bzj6-MuiFormControl-root-MuiTextField-root"
          >
            <div
              class="MuiInput-root MuiInput-underline MuiInputBase-root MuiInputBase-colorPrimary MuiInputBase-formControl MuiInputBase-adornedEnd css-1ptx2yq-MuiInputBase-root-MuiInput-root"
            >
              <input
                aria-invalid="false"
                aria-label="to, date-time input"
                class="MuiInput-input MuiInputBase-input MuiInputBase-inputAdornedEnd css-1x51dt5-MuiInputBase-input-MuiInput-input"
                id="to date-time"
                placeholder="To..."
                type="tel"
                value=""
              />
              <div
                class="MuiInputAdornment-root MuiInputAdornment-positionEnd MuiInputAdornment-standard MuiInputAdornment-sizeMedium css-1laqsz7-MuiInputAdornment-root"
              >
                <button
                  aria-label="to, date-time picker"
                  class="MuiButtonBase-root MuiIconButton-root MuiIconButton-edgeEnd MuiIconButton-sizeSmall css-1bkxqye-MuiButtonBase-root-MuiIconButton-root"
                  tabindex="0"
                  type="button"
                >
                  <svg
                    aria-hidden="true"
                    class="MuiSvgIcon-root MuiSvgIcon-fontSizeMedium css-i4bv87-MuiSvgIcon-root"
                    data-testid="CalendarIcon"
                    focusable="false"
                    viewBox="0 0 24 24"
                  >
                    <path
                      d="M17 12h-5v5h5v-5zM16 1v2H8V1H6v2H5c-1.11 0-1.99.9-1.99 2L3 19c0 1.1.89 2 2 2h14c1.1 0 2-.9 2-2V5c0-1.1-.9-2-2-2h-1V1h-2zm3 18H5V8h14v11z"
                    />
                  </svg>
                  <span
                    class="MuiTouchRipple-root css-8je8zh-MuiTouchRipple-root"
                  />
                </button>
              </div>
            </div>
          </div>
        </form>
      </div>
      <div
        style="margin-left: 15px; margin-right: 15px;"
      />
    </div>
    <br />
    <div>
      <div>
        <p>
          Loading...
        </p>
      </div>
    </div>
  </div>
</DocumentFragment>
`;

exports[`Record Table renders correctly while loading 1`] = `
<DocumentFragment>
  <div>
    <div
      style="display: flex; flex-direction: row; width: 500px;"
    >
      <div
        class="MuiBox-root css-gpr0gn"
      >
        <form
          style="display: inline-grid; padding: 3px;"
        >
          <p
            class="MuiTypography-root MuiTypography-body1 css-ahj2mt-MuiTypography-root"
          >
            From date/time
          </p>
          <div
            class="MuiFormControl-root MuiTextField-root css-1u3bzj6-MuiFormControl-root-MuiTextField-root"
          >
            <div
              class="MuiInput-root MuiInput-underline MuiInputBase-root MuiInputBase-colorPrimary MuiInputBase-formControl MuiInputBase-adornedEnd css-1ptx2yq-MuiInputBase-root-MuiInput-root"
            >
              <input
                aria-invalid="false"
                aria-label="from, date-time input"
                class="MuiInput-input MuiInputBase-input MuiInputBase-inputAdornedEnd css-1x51dt5-MuiInputBase-input-MuiInput-input"
                id="from date-time"
                placeholder="From..."
                type="tel"
                value=""
              />
              <div
                class="MuiInputAdornment-root MuiInputAdornment-positionEnd MuiInputAdornment-standard MuiInputAdornment-sizeMedium css-1laqsz7-MuiInputAdornment-root"
              >
                <button
                  aria-label="from, date-time picker"
                  class="MuiButtonBase-root MuiIconButton-root MuiIconButton-edgeEnd MuiIconButton-sizeSmall css-1bkxqye-MuiButtonBase-root-MuiIconButton-root"
                  tabindex="0"
                  type="button"
                >
                  <svg
                    aria-hidden="true"
                    class="MuiSvgIcon-root MuiSvgIcon-fontSizeMedium css-i4bv87-MuiSvgIcon-root"
                    data-testid="CalendarIcon"
                    focusable="false"
                    viewBox="0 0 24 24"
                  >
                    <path
                      d="M17 12h-5v5h5v-5zM16 1v2H8V1H6v2H5c-1.11 0-1.99.9-1.99 2L3 19c0 1.1.89 2 2 2h14c1.1 0 2-.9 2-2V5c0-1.1-.9-2-2-2h-1V1h-2zm3 18H5V8h14v11z"
                    />
                  </svg>
                  <span
                    class="MuiTouchRipple-root css-8je8zh-MuiTouchRipple-root"
                  />
                </button>
              </div>
            </div>
          </div>
        </form>
        <hr
          class="MuiDivider-root MuiDivider-fullWidth MuiDivider-vertical MuiDivider-flexItem css-14g9otx-MuiDivider-root"
        />
        <form
          style="display: inline-grid; padding: 3px;"
        >
          <p
            class="MuiTypography-root MuiTypography-body1 css-ahj2mt-MuiTypography-root"
          >
            To date/time
          </p>
          <div
            class="MuiFormControl-root MuiTextField-root css-1u3bzj6-MuiFormControl-root-MuiTextField-root"
          >
            <div
              class="MuiInput-root MuiInput-underline MuiInputBase-root MuiInputBase-colorPrimary MuiInputBase-formControl MuiInputBase-adornedEnd css-1ptx2yq-MuiInputBase-root-MuiInput-root"
            >
              <input
                aria-invalid="false"
                aria-label="to, date-time input"
                class="MuiInput-input MuiInputBase-input MuiInputBase-inputAdornedEnd css-1x51dt5-MuiInputBase-input-MuiInput-input"
                id="to date-time"
                placeholder="To..."
                type="tel"
                value=""
              />
              <div
                class="MuiInputAdornment-root MuiInputAdornment-positionEnd MuiInputAdornment-standard MuiInputAdornment-sizeMedium css-1laqsz7-MuiInputAdornment-root"
              >
                <button
                  aria-label="to, date-time picker"
                  class="MuiButtonBase-root MuiIconButton-root MuiIconButton-edgeEnd MuiIconButton-sizeSmall css-1bkxqye-MuiButtonBase-root-MuiIconButton-root"
                  tabindex="0"
                  type="button"
                >
                  <svg
                    aria-hidden="true"
                    class="MuiSvgIcon-root MuiSvgIcon-fontSizeMedium css-i4bv87-MuiSvgIcon-root"
                    data-testid="CalendarIcon"
                    focusable="false"
                    viewBox="0 0 24 24"
                  >
                    <path
                      d="M17 12h-5v5h5v-5zM16 1v2H8V1H6v2H5c-1.11 0-1.99.9-1.99 2L3 19c0 1.1.89 2 2 2h14c1.1 0 2-.9 2-2V5c0-1.1-.9-2-2-2h-1V1h-2zm3 18H5V8h14v11z"
                    />
                  </svg>
                  <span
                    class="MuiTouchRipple-root css-8je8zh-MuiTouchRipple-root"
                  />
                </button>
              </div>
            </div>
          </div>
        </form>
      </div>
      <div
        style="margin-left: 15px; margin-right: 15px;"
      />
    </div>
    <br />
    <div>
      <div>
        <p>
          Loading...
        </p>
      </div>
    </div>
  </div>
</DocumentFragment>
`;
